// Jest Snapshot v1, https://goo.gl/fbAQLP

exports[`capture model should instantiate with default values 1`] = `
Object {
  "_links": Object {
    "documentation": null,
    "payment": null,
    "self": null,
  },
  "amount": null,
  "createdAt": null,
  "id": null,
  "mode": null,
  "paymentId": null,
  "resource": "capture",
  "settlementAmount": null,
  "settlementId": null,
  "shipmentId": null,
  "toPlainObject": [Function],
}
`;

exports[`capture model should instantiate with given values 1`] = `
Object {
  "_links": Object {
    "documentation": Object {
      "href": "https://docs.mollie.com/reference/v2/captures-api/get-capture",
      "type": "text/html",
    },
    "payment": Object {
      "href": "https://api.mollie.com/v2/payments/tr_WDqYK6vllg",
      "type": "application/hal+json",
    },
    "self": Object {
      "href": "https://api.mollie.com/v2/payments/tr_WDqYK6vllg/captures/cpt_4qqhO89gsT",
      "type": "application/hal+json",
    },
    "settlement": Object {
      "href": "https://api.mollie.com/v2/settlements/stl_jDk30akdN",
      "type": "application/hal+json",
    },
    "shipment": Object {
      "href": "https://api.mollie.com/v2/orders/ord_8wmqcHMN4U/shipments/shp_3wmsgCJN4U",
      "type": "application/hal+json",
    },
  },
  "amount": Object {
    "currency": "EUR",
    "value": "1027.99",
  },
  "createdAt": "2018-08-02T09:29:56+00:00",
  "id": "cpt_4qqhO89gsT",
  "mode": "live",
  "paymentId": "tr_WDqYK6vllg",
  "resource": "capture",
  "settlementAmount": Object {
    "currency": "EUR",
    "value": "399.00",
  },
  "settlementId": "stl_jDk30akdN",
  "shipmentId": "shp_3wmsgCJN4U",
  "toPlainObject": [Function],
}
`;
