// Jest Snapshot v1, https://goo.gl/fbAQLP

exports[`method model should instantiate with default values 1`] = `
Object {
  "_links": Object {},
  "data": undefined,
  "description": null,
  "getImage": [Function],
  "id": null,
  "image": Object {
    "size1x": null,
    "size2x": null,
    "svg": null,
  },
  "resource": "method",
  "toPlainObject": [Function],
}
`;

exports[`method model should instantiate with given values 1`] = `
Object {
  "_links": Object {
    "self": Object {
      "href": "https://api.mollie.com/v2/methods/ideal",
      "type": "application/hal+json",
    },
  },
  "data": Object {
    "_links": Object {
      "self": Object {
        "href": "https://api.mollie.com/v2/methods/ideal",
        "type": "application/hal+json",
      },
    },
    "description": "iDEAL",
    "id": "ideal",
    "image": Object {
      "size1x": "https://www.mollie.com/images/payscreen/methods/ideal.png",
      "size2x": "https://www.mollie.com/images/payscreen/methods/ideal%402x.png",
    },
    "resource": "method",
  },
  "description": "iDEAL",
  "getImage": [Function],
  "id": "ideal",
  "image": Object {
    "size1x": "https://www.mollie.com/images/payscreen/methods/ideal.png",
    "size2x": "https://www.mollie.com/images/payscreen/methods/ideal%402x.png",
  },
  "resource": "method",
  "toPlainObject": [Function],
}
`;
