// Jest Snapshot v1, https://goo.gl/fbAQLP

exports[`payment model should instantiate with default values 1`] = `
Object {
  "_embedded": null,
  "_links": undefined,
  "amount": undefined,
  "amountCaptured": null,
  "amountRefunded": undefined,
  "amountRemaining": undefined,
  "applicationFee": undefined,
  "canceledAt": undefined,
  "countryCode": undefined,
  "createdAt": undefined,
  "customerId": undefined,
  "description": undefined,
  "details": undefined,
  "expiredAt": undefined,
  "expiresAt": undefined,
  "failedAt": undefined,
  "id": undefined,
  "isCancelable": undefined,
  "locale": undefined,
  "mandateId": undefined,
  "metadata": undefined,
  "method": undefined,
  "mode": undefined,
  "orderId": null,
  "paidAt": undefined,
  "profileId": undefined,
  "redirectUrl": undefined,
  "resource": undefined,
  "sequenceType": undefined,
  "settlementAmount": undefined,
  "settlementId": undefined,
  "status": undefined,
  "subscriptionId": undefined,
  "webhookUrl": undefined,
}
`;

exports[`payment model should instantiate with given values 1`] = `
Object {
  "_embedded": null,
  "_links": Object {
    "checkout": Object {
      "href": "https://www.mollie.com/payscreen/select-method/WDqYK6vllg",
      "type": "text/html",
    },
    "documentation": Object {
      "href": "https://docs.mollie.com/reference/v2/payments-api/get-payment",
      "type": "text/html",
    },
    "self": Object {
      "href": "https://api.mollie.com/v2/payments/tr_WDqYK6vllg",
      "type": "application/hal+json",
    },
  },
  "amount": Object {
    "currency": "EUR",
    "value": "10.00",
  },
  "amountCaptured": null,
  "amountRefunded": undefined,
  "amountRemaining": undefined,
  "applicationFee": undefined,
  "canceledAt": undefined,
  "countryCode": undefined,
  "createdAt": "2018-03-20T13:13:37+00:00",
  "customerId": undefined,
  "description": "Order #12345",
  "details": null,
  "expiredAt": undefined,
  "expiresAt": "2018-03-20T13:28:37+00:00",
  "failedAt": undefined,
  "id": "tr_WDqYK6vllg",
  "isCancelable": false,
  "locale": undefined,
  "mandateId": undefined,
  "metadata": Object {
    "order_id": "12345",
  },
  "method": null,
  "mode": "test",
  "orderId": null,
  "paidAt": undefined,
  "profileId": "pfl_QkEhN94Ba",
  "redirectUrl": "https://webshop.example.org/order/12345/",
  "resource": "payment",
  "sequenceType": "oneoff",
  "settlementAmount": undefined,
  "settlementId": undefined,
  "status": "open",
  "subscriptionId": undefined,
  "webhookUrl": "https://webshop.example.org/payments/webhook/",
}
`;
