// Jest Snapshot v1, https://goo.gl/fbAQLP

exports[`shipment model should instantiate with default values 1`] = `
Object {
  "_links": Object {
    "documentation": null,
    "order": null,
    "self": null,
  },
  "createdAt": null,
  "id": null,
  "lines": null,
  "mode": undefined,
  "orderId": null,
  "resource": "shipment",
  "testmode": undefined,
  "tracking": null,
}
`;

exports[`shipment model should instantiate with given values 1`] = `
Object {
  "_links": Object {
    "documentation": Object {
      "href": "https://docs.mollie.com/reference/v2/shipments-api/get-shipment",
      "type": "text/html",
    },
    "order": Object {
      "href": "https://api.mollie.com/v2/orders/ord_kEn1PlbGa",
      "type": "application/hal+json",
    },
    "self": Object {
      "href": "https://api.mollie.com/v2/order/ord_kEn1PlbGa/shipments/shp_3wmsgCJN4U",
      "type": "application/hal+json",
    },
  },
  "createdAt": "2018-08-09T14:33:54+00:00",
  "id": "shp_3wmsgCJN4U",
  "lines": Array [
    Object {
      "_links": Object {
        "imageUrl": Object {
          "href": "https://sh-s7-live-s.legocdn.com/is/image//LEGO/42083_alt1?$main$",
          "type": "text/html",
        },
        "productUrl": Object {
          "href": "https://shop.lego.com/nl-NL/Bugatti-Chiron-42083",
          "type": "text/html",
        },
      },
      "amountCanceled": Object {
        "currency": "EUR",
        "value": "0.00",
      },
      "amountRefunded": Object {
        "currency": "EUR",
        "value": "0.00",
      },
      "amountShipped": Object {
        "currency": "EUR",
        "value": "0.00",
      },
      "cancelableQuantity": 0,
      "createdAt": "2018-08-02T09:29:56+00:00",
      "discountAmount": Object {
        "currency": "EUR",
        "value": "100.00",
      },
      "id": "odl_dgtxyl",
      "isCancelable": false,
      "metadata": Object {
        "description": "Bugatti Chiron",
        "order_id": "1337",
      },
      "name": "LEGO 42083 Bugatti Chiron",
      "orderId": "ord_pbjz8x",
      "quantity": 2,
      "quantityCanceled": 0,
      "quantityRefunded": 0,
      "quantityShipped": 0,
      "refundableQuantity": 0,
      "resource": "orderline",
      "shippableQuantity": 0,
      "sku": "5702016116977",
      "status": "created",
      "totalAmount": Object {
        "currency": "EUR",
        "value": "698.00",
      },
      "type": "physical",
      "unitPrice": Object {
        "currency": "EUR",
        "value": "399.00",
      },
      "vatAmount": Object {
        "currency": "EUR",
        "value": "121.14",
      },
      "vatRate": "21.00",
    },
    Object {
      "_links": Object {
        "imageUrl": Object {
          "href": "https://sh-s7-live-s.legocdn.com/is/image/LEGO/42056?$PDPDefault$",
          "type": "text/html",
        },
        "productUrl": Object {
          "href": "https://shop.lego.com/nl-NL/Porsche-911-GT3-RS-42056",
          "type": "text/html",
        },
      },
      "amountCanceled": Object {
        "currency": "EUR",
        "value": "0.00",
      },
      "amountRefunded": Object {
        "currency": "EUR",
        "value": "0.00",
      },
      "amountShipped": Object {
        "currency": "EUR",
        "value": "0.00",
      },
      "cancelableQuantity": 0,
      "createdAt": "2018-08-02T09:29:56+00:00",
      "id": "odl_jp31jz",
      "isCancelable": false,
      "metadata": null,
      "name": "LEGO 42056 Porsche 911 GT3 RS",
      "orderId": "ord_pbjz8x",
      "quantity": 1,
      "quantityCanceled": 0,
      "quantityRefunded": 0,
      "quantityShipped": 0,
      "refundableQuantity": 0,
      "resource": "orderline",
      "shippableQuantity": 0,
      "sku": "5702015594028",
      "status": "created",
      "totalAmount": Object {
        "currency": "EUR",
        "value": "329.99",
      },
      "type": "physical",
      "unitPrice": Object {
        "currency": "EUR",
        "value": "329.99",
      },
      "vatAmount": Object {
        "currency": "EUR",
        "value": "57.27",
      },
      "vatRate": "21.00",
    },
  ],
  "mode": undefined,
  "orderId": "ord_kEn1PlbGa",
  "resource": "shipment",
  "testmode": undefined,
  "tracking": Object {
    "carrier": "PostNL",
    "code": "3SKABA000000000",
    "url": "http://postnl.nl/tracktrace/?B=3SKABA000000000&P=1016EE&D=NL&T=C",
  },
}
`;
