// Jest Snapshot v1, https://goo.gl/fbAQLP

exports[`subscription model should instantiate with default values 1`] = `
Object {
  "_links": Object {
    "customer": null,
    "documentation": null,
    "self": null,
  },
  "amount": Object {
    "currency": null,
    "value": null,
  },
  "canceledAt": null,
  "createdAt": null,
  "description": null,
  "id": null,
  "interval": null,
  "mandateId": null,
  "metadata": null,
  "method": null,
  "mode": null,
  "nextPaymentDate": null,
  "resource": "subscription",
  "startDate": null,
  "status": null,
  "testmode": undefined,
  "times": null,
  "timesRemaining": null,
  "webhookUrl": null,
}
`;

exports[`subscription model should instantiate with given values 1`] = `
Object {
  "_links": Object {
    "customer": Object {
      "href": "https://api.mollie.com/v2/customers/cst_stTC2WHAuS",
      "type": "application/hal+json",
    },
    "documentation": Object {
      "href": "https://docs.mollie.com/reference/v2/subscriptions-api/get-subscription",
      "type": "text/html",
    },
    "self": Object {
      "href": "https://api.mollie.com/v2/customers/cst_stTC2WHAuS/subscriptions/sub_rVKGtNd6s3",
      "type": "application/hal+json",
    },
  },
  "amount": Object {
    "currency": "EUR",
    "value": "25.00",
  },
  "canceledAt": null,
  "createdAt": "2016-06-01T12:23:34+00:00",
  "description": "Quarterly payment",
  "id": "sub_rVKGtNd6s3",
  "interval": "3 months",
  "mandateId": null,
  "metadata": null,
  "method": null,
  "mode": "live",
  "nextPaymentDate": null,
  "resource": "subscription",
  "startDate": null,
  "status": "active",
  "testmode": undefined,
  "times": 4,
  "timesRemaining": null,
  "webhookUrl": "https://webshop.example.org/payments/webhook",
}
`;
